exports[`test should render the Careers 1`] = `
ShallowWrapper {
  "complexSelector": ComplexSelector {
    "buildPredicate": [Function],
    "childrenOfNode": [Function],
    "findWhereUnwrapped": [Function],
  },
  "length": 1,
  "node": <div
    className="careers"
    id="CAREERS">
    <div
        className="careers__about">
        <Unknown
            subtitle="Join a magnificent and fun team"
            text="At Elements you will work with colleagues who are specialized in development. Not only can you share knowledge with your co-workers but also have fun. We like to have a positive approach." />
    </div>
</div>,
  "nodes": Array [
    <div
      className="careers"
      id="CAREERS">
      <div
            className="careers__about">
            <Unknown
                  subtitle="Join a magnificent and fun team"
                  text="At Elements you will work with colleagues who are specialized in development. Not only can you share knowledge with your co-workers but also have fun. We like to have a positive approach." />
      </div>
</div>,
  ],
  "options": Object {},
  "renderer": ReactShallowRenderer {
    "_instance": ShallowComponentWrapper {
      "_calledComponentWillUnmount": false,
      "_compositeType": 2,
      "_context": Object {},
      "_currentElement": <Unknown
        careers={Array []} />,
      "_debugID": 1,
      "_hostContainerInfo": null,
      "_hostParent": null,
      "_instance": StatelessComponent {
        "_reactInternalInstance": [Circular],
        "context": Object {},
        "props": Object {
          "careers": Array [],
        },
        "refs": Object {},
        "state": null,
        "updater": Object {
          "enqueueCallback": [Function],
          "enqueueCallbackInternal": [Function],
          "enqueueElementInternal": [Function],
          "enqueueForceUpdate": [Function],
          "enqueueReplaceState": [Function],
          "enqueueSetState": [Function],
          "isMounted": [Function],
          "validateCallback": [Function],
        },
      },
      "_mountOrder": 1,
      "_pendingCallbacks": null,
      "_pendingElement": null,
      "_pendingForceUpdate": false,
      "_pendingReplaceState": false,
      "_pendingStateQueue": null,
      "_renderedComponent": NoopInternalComponent {
        "_currentElement": <div
          className="careers"
          id="CAREERS">
          <div
                    className="careers__about">
                    <Unknown
                              subtitle="Join a magnificent and fun team"
                              text="At Elements you will work with colleagues who are specialized in development. Not only can you share knowledge with your co-workers but also have fun. We like to have a positive approach." />
          </div>
</div>,
        "_debugID": 2,
        "_renderedOutput": <div
          className="careers"
          id="CAREERS">
          <div
                    className="careers__about">
                    <Unknown
                              subtitle="Join a magnificent and fun team"
                              text="At Elements you will work with colleagues who are specialized in development. Not only can you share knowledge with your co-workers but also have fun. We like to have a positive approach." />
          </div>
</div>,
      },
      "_renderedNodeType": 0,
      "_rootNodeID": 0,
      "_topLevelWrapper": null,
      "_updateBatchNumber": null,
      "_warnedAboutRefsInRender": false,
    },
    "getRenderOutput": [Function],
    "render": [Function],
  },
  "root": [Circular],
  "unrendered": <Unknown
    careers={Array []} />,
}
`;
