exports[`test should render the ContactForm 1`] = `
ShallowWrapper {
  "complexSelector": ComplexSelector {
    "buildPredicate": [Function],
    "childrenOfNode": [Function],
    "findWhereUnwrapped": [Function],
  },
  "length": 1,
  "node": <div
    className="contact-form">
    <div
        className="contact-form__info">
        <styled.p>
            Send us a message
        </styled.p>
        <div
            className="contact-form__info__required">
            <styled.p
                className="contact-form__info__required--bullet">
                •
            </styled.p>
            <styled.p
                className="contact-form__info__required--subtitle">
                Required Fields
            </styled.p>
        </div>
    </div>
    <div
        className="contact-form__row">
        <Unknown
            errors={Array []}
            isRequired={true}
            label="Name"
            name="name"
            onChange={[Function]}
            placeholder="Place your name here..."
            type="text"
            value="" />
    </div>
    <div
        className="contact-form__row">
        <Unknown
            errors={Array []}
            isRequired={true}
            label="Email"
            name="email"
            onChange={[Function]}
            placeholder="username@company.com"
            type="email"
            value="" />
    </div>
    <div
        className="contact-form__row">
        <Unknown
            errors={Array []}
            isRequired={true}
            label="Telephone"
            name="telephone"
            onChange={[Function]}
            placeholder="Place your telephone number here..."
            type="text"
            value="" />
    </div>
    <div
        className="contact-form__row--text-area">
        <Unknown
            errors={Array []}
            isRequired={true}
            label="Message"
            name="message"
            onChange={[Function]}
            placeholder="Place your message here..."
            value="" />
    </div>
    <div
        className="contact-form__row--submit">
        <Unknown
            onSubmit={[Function]}>
            SEND
        </Unknown>
    </div>
</div>,
  "nodes": Array [
    <div
      className="contact-form">
      <div
            className="contact-form__info">
            <styled.p>
                  Send us a message
            </styled.p>
            <div
                  className="contact-form__info__required">
                  <styled.p
                        className="contact-form__info__required--bullet">
                        •
                  </styled.p>
                  <styled.p
                        className="contact-form__info__required--subtitle">
                        Required Fields
                  </styled.p>
            </div>
      </div>
      <div
            className="contact-form__row">
            <Unknown
                  errors={Array []}
                  isRequired={true}
                  label="Name"
                  name="name"
                  onChange={[Function]}
                  placeholder="Place your name here..."
                  type="text"
                  value="" />
      </div>
      <div
            className="contact-form__row">
            <Unknown
                  errors={Array []}
                  isRequired={true}
                  label="Email"
                  name="email"
                  onChange={[Function]}
                  placeholder="username@company.com"
                  type="email"
                  value="" />
      </div>
      <div
            className="contact-form__row">
            <Unknown
                  errors={Array []}
                  isRequired={true}
                  label="Telephone"
                  name="telephone"
                  onChange={[Function]}
                  placeholder="Place your telephone number here..."
                  type="text"
                  value="" />
      </div>
      <div
            className="contact-form__row--text-area">
            <Unknown
                  errors={Array []}
                  isRequired={true}
                  label="Message"
                  name="message"
                  onChange={[Function]}
                  placeholder="Place your message here..."
                  value="" />
      </div>
      <div
            className="contact-form__row--submit">
            <Unknown
                  onSubmit={[Function]}>
                  SEND
            </Unknown>
      </div>
</div>,
  ],
  "options": Object {},
  "renderer": ReactShallowRenderer {
    "_instance": ShallowComponentWrapper {
      "_calledComponentWillUnmount": false,
      "_compositeType": 2,
      "_context": Object {},
      "_currentElement": <Unknown
        errors={
                Object {
                        "email": Array [],
                        "message": Array [],
                        "name": Array [],
                        "telephone": Array [],
                      }
        }
        message={
                Object {
                        "email": "",
                        "message": "",
                        "name": "",
                        "telephone": "",
                      }
        }
        onChange={[Function]}
        onSubmit={[Function]} />,
      "_debugID": 1,
      "_hostContainerInfo": null,
      "_hostParent": null,
      "_instance": StatelessComponent {
        "_reactInternalInstance": [Circular],
        "context": Object {},
        "props": Object {
          "errors": Object {
            "email": Array [],
            "message": Array [],
            "name": Array [],
            "telephone": Array [],
          },
          "message": Object {
            "email": "",
            "message": "",
            "name": "",
            "telephone": "",
          },
          "onChange": [Function],
          "onSubmit": [Function],
        },
        "refs": Object {},
        "state": null,
        "updater": Object {
          "enqueueCallback": [Function],
          "enqueueCallbackInternal": [Function],
          "enqueueElementInternal": [Function],
          "enqueueForceUpdate": [Function],
          "enqueueReplaceState": [Function],
          "enqueueSetState": [Function],
          "isMounted": [Function],
          "validateCallback": [Function],
        },
      },
      "_mountOrder": 1,
      "_pendingCallbacks": null,
      "_pendingElement": null,
      "_pendingForceUpdate": false,
      "_pendingReplaceState": false,
      "_pendingStateQueue": null,
      "_renderedComponent": NoopInternalComponent {
        "_currentElement": <div
          className="contact-form">
          <div
                    className="contact-form__info">
                    <styled.p>
                              Send us a message
                    </styled.p>
                    <div
                              className="contact-form__info__required">
                              <styled.p
                                        className="contact-form__info__required--bullet">
                                        •
                              </styled.p>
                              <styled.p
                                        className="contact-form__info__required--subtitle">
                                        Required Fields
                              </styled.p>
                    </div>
          </div>
          <div
                    className="contact-form__row">
                    <Unknown
                              errors={Array []}
                              isRequired={true}
                              label="Name"
                              name="name"
                              onChange={[Function]}
                              placeholder="Place your name here..."
                              type="text"
                              value="" />
          </div>
          <div
                    className="contact-form__row">
                    <Unknown
                              errors={Array []}
                              isRequired={true}
                              label="Email"
                              name="email"
                              onChange={[Function]}
                              placeholder="username@company.com"
                              type="email"
                              value="" />
          </div>
          <div
                    className="contact-form__row">
                    <Unknown
                              errors={Array []}
                              isRequired={true}
                              label="Telephone"
                              name="telephone"
                              onChange={[Function]}
                              placeholder="Place your telephone number here..."
                              type="text"
                              value="" />
          </div>
          <div
                    className="contact-form__row--text-area">
                    <Unknown
                              errors={Array []}
                              isRequired={true}
                              label="Message"
                              name="message"
                              onChange={[Function]}
                              placeholder="Place your message here..."
                              value="" />
          </div>
          <div
                    className="contact-form__row--submit">
                    <Unknown
                              onSubmit={[Function]}>
                              SEND
                    </Unknown>
          </div>
</div>,
        "_debugID": 2,
        "_renderedOutput": <div
          className="contact-form">
          <div
                    className="contact-form__info">
                    <styled.p>
                              Send us a message
                    </styled.p>
                    <div
                              className="contact-form__info__required">
                              <styled.p
                                        className="contact-form__info__required--bullet">
                                        •
                              </styled.p>
                              <styled.p
                                        className="contact-form__info__required--subtitle">
                                        Required Fields
                              </styled.p>
                    </div>
          </div>
          <div
                    className="contact-form__row">
                    <Unknown
                              errors={Array []}
                              isRequired={true}
                              label="Name"
                              name="name"
                              onChange={[Function]}
                              placeholder="Place your name here..."
                              type="text"
                              value="" />
          </div>
          <div
                    className="contact-form__row">
                    <Unknown
                              errors={Array []}
                              isRequired={true}
                              label="Email"
                              name="email"
                              onChange={[Function]}
                              placeholder="username@company.com"
                              type="email"
                              value="" />
          </div>
          <div
                    className="contact-form__row">
                    <Unknown
                              errors={Array []}
                              isRequired={true}
                              label="Telephone"
                              name="telephone"
                              onChange={[Function]}
                              placeholder="Place your telephone number here..."
                              type="text"
                              value="" />
          </div>
          <div
                    className="contact-form__row--text-area">
                    <Unknown
                              errors={Array []}
                              isRequired={true}
                              label="Message"
                              name="message"
                              onChange={[Function]}
                              placeholder="Place your message here..."
                              value="" />
          </div>
          <div
                    className="contact-form__row--submit">
                    <Unknown
                              onSubmit={[Function]}>
                              SEND
                    </Unknown>
          </div>
</div>,
      },
      "_renderedNodeType": 0,
      "_rootNodeID": 0,
      "_topLevelWrapper": null,
      "_updateBatchNumber": null,
      "_warnedAboutRefsInRender": false,
    },
    "getRenderOutput": [Function],
    "render": [Function],
  },
  "root": [Circular],
  "unrendered": <Unknown
    errors={
        Object {
            "email": Array [],
            "message": Array [],
            "name": Array [],
            "telephone": Array [],
          }
    }
    message={
        Object {
            "email": "",
            "message": "",
            "name": "",
            "telephone": "",
          }
    }
    onChange={[Function]}
    onSubmit={[Function]} />,
}
`;
